Archive member included to satisfy reference by file (symbol)

c:/program files (x86)/atmel/studio/7.0/toolchain/avr8/avr8-gnu-toolchain/bin/../lib/gcc/avr/5.4.0/avr6\libgcc.a(_exit.o)
                              C:/Program Files (x86)/Atmel/Studio/7.0/Packs/atmel/ATmega_DFP/1.2.150/gcc/dev/atmega2560/avr6/crtatmega2560.o (exit)
c:/program files (x86)/atmel/studio/7.0/toolchain/avr8/avr8-gnu-toolchain/bin/../lib/gcc/avr/5.4.0/avr6\libgcc.a(_copy_data.o)
                              src/lcd/lcd.o (__do_copy_data)
c:/program files (x86)/atmel/studio/7.0/toolchain/avr8/avr8-gnu-toolchain/bin/../lib/gcc/avr/5.4.0/avr6\libgcc.a(_clear_bss.o)
                              src/recievedData.o (__do_clear_bss)
c:/program files (x86)/atmel/studio/7.0/toolchain/avr8/avr8-gnu-toolchain/bin/../lib/gcc/avr/5.4.0/../../../../avr/lib/avr6\libc.a(iob.o)
                              src/usart1.o (__iob)

Allocating common symbols
Common symbol       size              file

wrongBit            0x2               src/recievedData.o
finalBits           0x4               src/recievedData.o
correctBinary       0x1               src/recievedData.o
checkBit            0x6               src/recievedData.o
rec                 0x1               src/main.o
__iob               0x6               c:/program files (x86)/atmel/studio/7.0/toolchain/avr8/avr8-gnu-toolchain/bin/../lib/gcc/avr/5.4.0/../../../../avr/lib/avr6\libc.a(iob.o)

Discarded input sections

 .data          0x00000000        0x0 C:/Program Files (x86)/Atmel/Studio/7.0/Packs/atmel/ATmega_DFP/1.2.150/gcc/dev/atmega2560/avr6/crtatmega2560.o
 .bss           0x00000000        0x0 C:/Program Files (x86)/Atmel/Studio/7.0/Packs/atmel/ATmega_DFP/1.2.150/gcc/dev/atmega2560/avr6/crtatmega2560.o
 .group         0x00000000        0x8 src/delay/delay.o
 .group         0x00000000        0x8 src/delay/delay.o
 .group         0x00000000        0x8 src/delay/delay.o
 .text          0x00000000        0x0 src/delay/delay.o
 .data          0x00000000        0x0 src/delay/delay.o
 .bss           0x00000000        0x0 src/delay/delay.o
 .text.delay_s  0x00000000       0x40 src/delay/delay.o
 .group         0x00000000        0x8 src/lcd/lcd.o
 .group         0x00000000        0x8 src/lcd/lcd.o
 .group         0x00000000        0x8 src/lcd/lcd.o
 .group         0x00000000        0x8 src/lcd/lcd.o
 .group         0x00000000        0x8 src/lcd/lcd.o
 .group         0x00000000        0x8 src/lcd/lcd.o
 .group         0x00000000        0x8 src/lcd/lcd.o
 .group         0x00000000        0x8 src/lcd/lcd.o
 .group         0x00000000        0x8 src/lcd/lcd.o
 .group         0x00000000        0x8 src/lcd/lcd.o
 .group         0x00000000        0x8 src/lcd/lcd.o
 .group         0x00000000        0x8 src/lcd/lcd.o
 .group         0x00000000        0x8 src/lcd/lcd.o
 .group         0x00000000        0x8 src/lcd/lcd.o
 .group         0x00000000        0x8 src/lcd/lcd.o
 .group         0x00000000        0x8 src/lcd/lcd.o
 .group         0x00000000        0x8 src/lcd/lcd.o
 .text          0x00000000        0x0 src/lcd/lcd.o
 .data          0x00000000        0x0 src/lcd/lcd.o
 .bss           0x00000000        0x0 src/lcd/lcd.o
 .text.lcd_write_str
                0x00000000       0x44 src/lcd/lcd.o
 .debug_macro   0x00000000      0xa78 src/lcd/lcd.o
 .debug_macro   0x00000000      0x1c9 src/lcd/lcd.o
 .debug_macro   0x00000000      0x2fc src/lcd/lcd.o
 .group         0x00000000        0x8 src/recievedData.o
 .group         0x00000000        0x8 src/recievedData.o
 .group         0x00000000        0x8 src/recievedData.o
 .group         0x00000000        0x8 src/recievedData.o
 .group         0x00000000        0x8 src/recievedData.o
 .group         0x00000000        0x8 src/recievedData.o
 .group         0x00000000        0x8 src/recievedData.o
 .group         0x00000000        0x8 src/recievedData.o
 .group         0x00000000        0x8 src/recievedData.o
 .group         0x00000000        0x8 src/recievedData.o
 .text          0x00000000        0x0 src/recievedData.o
 .data          0x00000000        0x0 src/recievedData.o
 .bss           0x00000000        0x0 src/recievedData.o
 .debug_macro   0x00000000      0xa78 src/recievedData.o
 .debug_macro   0x00000000      0x1c9 src/recievedData.o
 .debug_macro   0x00000000      0x2fc src/recievedData.o
 .group         0x00000000        0x8 src/uart.o
 .group         0x00000000        0x8 src/uart.o
 .group         0x00000000        0x8 src/uart.o
 .group         0x00000000        0x8 src/uart.o
 .group         0x00000000        0x8 src/uart.o
 .group         0x00000000        0x8 src/uart.o
 .group         0x00000000        0x8 src/uart.o
 .group         0x00000000        0x8 src/uart.o
 .group         0x00000000        0x8 src/uart.o
 .group         0x00000000        0x8 src/uart.o
 .group         0x00000000        0x8 src/uart.o
 .group         0x00000000        0x8 src/uart.o
 .group         0x00000000        0x8 src/uart.o
 .text          0x00000000        0x0 src/uart.o
 .data          0x00000000        0x0 src/uart.o
 .bss           0x00000000        0x0 src/uart.o
 .debug_macro   0x00000000      0xa78 src/uart.o
 .debug_macro   0x00000000      0x1c9 src/uart.o
 .debug_macro   0x00000000       0x10 src/uart.o
 .debug_macro   0x00000000       0x9e src/uart.o
 .debug_macro   0x00000000     0x1ecb src/uart.o
 .debug_macro   0x00000000      0x100 src/uart.o
 .debug_macro   0x00000000      0x2ea src/uart.o
 .debug_macro   0x00000000       0xd9 src/uart.o
 .debug_macro   0x00000000       0x34 src/uart.o
 .debug_macro   0x00000000       0x18 src/uart.o
 .debug_macro   0x00000000       0x6c src/uart.o
 .group         0x00000000        0x8 src/usart1.o
 .group         0x00000000        0x8 src/usart1.o
 .group         0x00000000        0x8 src/usart1.o
 .group         0x00000000        0x8 src/usart1.o
 .group         0x00000000        0x8 src/usart1.o
 .group         0x00000000        0x8 src/usart1.o
 .group         0x00000000        0x8 src/usart1.o
 .group         0x00000000        0x8 src/usart1.o
 .group         0x00000000        0x8 src/usart1.o
 .group         0x00000000        0x8 src/usart1.o
 .group         0x00000000        0x8 src/usart1.o
 .group         0x00000000        0x8 src/usart1.o
 .group         0x00000000        0x8 src/usart1.o
 .group         0x00000000        0x8 src/usart1.o
 .group         0x00000000        0x8 src/usart1.o
 .group         0x00000000        0x8 src/usart1.o
 .group         0x00000000        0x8 src/usart1.o
 .group         0x00000000        0x8 src/usart1.o
 .group         0x00000000        0x8 src/usart1.o
 .group         0x00000000        0x8 src/usart1.o
 .group         0x00000000        0x8 src/usart1.o
 .text          0x00000000        0x0 src/usart1.o
 .data          0x00000000        0x0 src/usart1.o
 .bss           0x00000000        0x0 src/usart1.o
 .debug_macro   0x00000000      0xa78 src/usart1.o
 .debug_macro   0x00000000       0x10 src/usart1.o
 .debug_macro   0x00000000      0x1c9 src/usart1.o
 .debug_macro   0x00000000      0x2fc src/usart1.o
 .debug_macro   0x00000000       0x9e src/usart1.o
 .debug_macro   0x00000000     0x1ecb src/usart1.o
 .debug_macro   0x00000000      0x100 src/usart1.o
 .debug_macro   0x00000000      0x2ea src/usart1.o
 .debug_macro   0x00000000       0xd9 src/usart1.o
 .debug_macro   0x00000000       0x34 src/usart1.o
 .debug_macro   0x00000000       0x18 src/usart1.o
 .debug_macro   0x00000000       0x6c src/usart1.o
 .debug_macro   0x00000000       0x58 src/usart1.o
 .debug_macro   0x00000000       0x10 src/usart1.o
 .debug_macro   0x00000000       0x97 src/usart1.o
 .debug_macro   0x00000000       0xf2 src/usart1.o
 .debug_macro   0x00000000       0x10 src/usart1.o
 .debug_macro   0x00000000       0x10 src/usart1.o
 .debug_macro   0x00000000      0x166 src/usart1.o
 .debug_macro   0x00000000       0x28 src/usart1.o
 .group         0x00000000        0x8 src/ASF/mega/boards/stk600/rcx_x/init.o
 .group         0x00000000        0x8 src/ASF/mega/boards/stk600/rcx_x/init.o
 .group         0x00000000        0x8 src/ASF/mega/boards/stk600/rcx_x/init.o
 .group         0x00000000        0x8 src/ASF/mega/boards/stk600/rcx_x/init.o
 .group         0x00000000        0x8 src/ASF/mega/boards/stk600/rcx_x/init.o
 .group         0x00000000        0x8 src/ASF/mega/boards/stk600/rcx_x/init.o
 .group         0x00000000        0x8 src/ASF/mega/boards/stk600/rcx_x/init.o
 .group         0x00000000        0x8 src/ASF/mega/boards/stk600/rcx_x/init.o
 .group         0x00000000        0x8 src/ASF/mega/boards/stk600/rcx_x/init.o
 .group         0x00000000        0x8 src/ASF/mega/boards/stk600/rcx_x/init.o
 .group         0x00000000        0x8 src/ASF/mega/boards/stk600/rcx_x/init.o
 .group         0x00000000        0x8 src/ASF/mega/boards/stk600/rcx_x/init.o
 .group         0x00000000        0x8 src/ASF/mega/boards/stk600/rcx_x/init.o
 .group         0x00000000        0x8 src/ASF/mega/boards/stk600/rcx_x/init.o
 .group         0x00000000        0x8 src/ASF/mega/boards/stk600/rcx_x/init.o
 .group         0x00000000        0x8 src/ASF/mega/boards/stk600/rcx_x/init.o
 .group         0x00000000        0x8 src/ASF/mega/boards/stk600/rcx_x/init.o
 .group         0x00000000        0x8 src/ASF/mega/boards/stk600/rcx_x/init.o
 .group         0x00000000        0x8 src/ASF/mega/boards/stk600/rcx_x/init.o
 .group         0x00000000        0x8 src/ASF/mega/boards/stk600/rcx_x/init.o
 .group         0x00000000        0x8 src/ASF/mega/boards/stk600/rcx_x/init.o
 .group         0x00000000        0x8 src/ASF/mega/boards/stk600/rcx_x/init.o
 .group         0x00000000        0x8 src/ASF/mega/boards/stk600/rcx_x/init.o
 .group         0x00000000        0x8 src/ASF/mega/boards/stk600/rcx_x/init.o
 .group         0x00000000        0x8 src/ASF/mega/boards/stk600/rcx_x/init.o
 .group         0x00000000        0x8 src/ASF/mega/boards/stk600/rcx_x/init.o
 .text          0x00000000        0x0 src/ASF/mega/boards/stk600/rcx_x/init.o
 .data          0x00000000        0x0 src/ASF/mega/boards/stk600/rcx_x/init.o
 .bss           0x00000000        0x0 src/ASF/mega/boards/stk600/rcx_x/init.o
 .debug_macro   0x00000000      0xa78 src/ASF/mega/boards/stk600/rcx_x/init.o
 .debug_macro   0x00000000       0x10 src/ASF/mega/boards/stk600/rcx_x/init.o
 .debug_macro   0x00000000      0x1c9 src/ASF/mega/boards/stk600/rcx_x/init.o
 .debug_macro   0x00000000      0x2fc src/ASF/mega/boards/stk600/rcx_x/init.o
 .debug_macro   0x00000000       0x9e src/ASF/mega/boards/stk600/rcx_x/init.o
 .debug_macro   0x00000000     0x1ecb src/ASF/mega/boards/stk600/rcx_x/init.o
 .debug_macro   0x00000000      0x100 src/ASF/mega/boards/stk600/rcx_x/init.o
 .debug_macro   0x00000000      0x2ea src/ASF/mega/boards/stk600/rcx_x/init.o
 .debug_macro   0x00000000       0xd9 src/ASF/mega/boards/stk600/rcx_x/init.o
 .debug_macro   0x00000000       0x34 src/ASF/mega/boards/stk600/rcx_x/init.o
 .debug_macro   0x00000000       0x18 src/ASF/mega/boards/stk600/rcx_x/init.o
 .debug_macro   0x00000000       0x6c src/ASF/mega/boards/stk600/rcx_x/init.o
 .debug_macro   0x00000000       0x1c src/ASF/mega/boards/stk600/rcx_x/init.o
 .debug_macro   0x00000000       0x66 src/ASF/mega/boards/stk600/rcx_x/init.o
 .debug_macro   0x00000000       0x69 src/ASF/mega/boards/stk600/rcx_x/init.o
 .group         0x00000000        0x8 src/main.o
 .group         0x00000000        0x8 src/main.o
 .group         0x00000000        0x8 src/main.o
 .group         0x00000000        0x8 src/main.o
 .group         0x00000000        0x8 src/main.o
 .group         0x00000000        0x8 src/main.o
 .group         0x00000000        0x8 src/main.o
 .group         0x00000000        0x8 src/main.o
 .group         0x00000000        0x8 src/main.o
 .group         0x00000000        0x8 src/main.o
 .group         0x00000000        0x8 src/main.o
 .group         0x00000000        0x8 src/main.o
 .group         0x00000000        0x8 src/main.o
 .group         0x00000000        0x8 src/main.o
 .group         0x00000000        0x8 src/main.o
 .group         0x00000000        0x8 src/main.o
 .group         0x00000000        0x8 src/main.o
 .group         0x00000000        0x8 src/main.o
 .group         0x00000000        0x8 src/main.o
 .group         0x00000000        0x8 src/main.o
 .group         0x00000000        0x8 src/main.o
 .group         0x00000000        0x8 src/main.o
 .group         0x00000000        0x8 src/main.o
 .group         0x00000000        0x8 src/main.o
 .group         0x00000000        0x8 src/main.o
 .group         0x00000000        0x8 src/main.o
 .group         0x00000000        0x8 src/main.o
 .group         0x00000000        0x8 src/main.o
 .group         0x00000000        0x8 src/main.o
 .text          0x00000000        0x0 src/main.o
 .data          0x00000000        0x0 src/main.o
 .bss           0x00000000        0x0 src/main.o
 .debug_macro   0x00000000      0xa78 src/main.o
 .debug_macro   0x00000000       0x10 src/main.o
 .debug_macro   0x00000000      0x1c9 src/main.o
 .debug_macro   0x00000000      0x2fc src/main.o
 .debug_macro   0x00000000       0x9e src/main.o
 .debug_macro   0x00000000     0x1ecb src/main.o
 .debug_macro   0x00000000      0x100 src/main.o
 .debug_macro   0x00000000      0x2ea src/main.o
 .debug_macro   0x00000000       0xd9 src/main.o
 .debug_macro   0x00000000       0x34 src/main.o
 .debug_macro   0x00000000       0x18 src/main.o
 .debug_macro   0x00000000       0x6c src/main.o
 .debug_macro   0x00000000       0x22 src/main.o
 .debug_macro   0x00000000      0x16d src/main.o
 .debug_macro   0x00000000       0x1c src/main.o
 .debug_macro   0x00000000       0x35 src/main.o
 .debug_macro   0x00000000       0x66 src/main.o
 .debug_macro   0x00000000      0x64b src/main.o
 .debug_macro   0x00000000       0x44 src/main.o
 .debug_macro   0x00000000       0x69 src/main.o
 .debug_macro   0x00000000       0x2c src/main.o
 .debug_macro   0x00000000       0x10 src/main.o
 .debug_macro   0x00000000      0x175 src/main.o
 .debug_macro   0x00000000       0x40 src/main.o
 .debug_macro   0x00000000      0x100 src/main.o
 .debug_macro   0x00000000      0x2c0 src/main.o
 .debug_macro   0x00000000       0x58 src/main.o
 .debug_macro   0x00000000       0x10 src/main.o
 .debug_macro   0x00000000       0xf2 src/main.o
 COMMON         0x00000000        0x1 src/main.o
 .text          0x00000000        0x0 c:/program files (x86)/atmel/studio/7.0/toolchain/avr8/avr8-gnu-toolchain/bin/../lib/gcc/avr/5.4.0/avr6\libgcc.a(_exit.o)
 .data          0x00000000        0x0 c:/program files (x86)/atmel/studio/7.0/toolchain/avr8/avr8-gnu-toolchain/bin/../lib/gcc/avr/5.4.0/avr6\libgcc.a(_exit.o)
 .bss           0x00000000        0x0 c:/program files (x86)/atmel/studio/7.0/toolchain/avr8/avr8-gnu-toolchain/bin/../lib/gcc/avr/5.4.0/avr6\libgcc.a(_exit.o)
 .text.libgcc.mul
                0x00000000        0x0 c:/program files (x86)/atmel/studio/7.0/toolchain/avr8/avr8-gnu-toolchain/bin/../lib/gcc/avr/5.4.0/avr6\libgcc.a(_exit.o)
 .text.libgcc.div
                0x00000000        0x0 c:/program files (x86)/atmel/studio/7.0/toolchain/avr8/avr8-gnu-toolchain/bin/../lib/gcc/avr/5.4.0/avr6\libgcc.a(_exit.o)
 .text.libgcc   0x00000000        0x0 c:/program files (x86)/atmel/studio/7.0/toolchain/avr8/avr8-gnu-toolchain/bin/../lib/gcc/avr/5.4.0/avr6\libgcc.a(_exit.o)
 .text.libgcc.prologue
                0x00000000        0x0 c:/program files (x86)/atmel/studio/7.0/toolchain/avr8/avr8-gnu-toolchain/bin/../lib/gcc/avr/5.4.0/avr6\libgcc.a(_exit.o)
 .text.libgcc.builtins
                0x00000000        0x0 c:/program files (x86)/atmel/studio/7.0/toolchain/avr8/avr8-gnu-toolchain/bin/../lib/gcc/avr/5.4.0/avr6\libgcc.a(_exit.o)
 .text.libgcc.fmul
                0x00000000        0x0 c:/program files (x86)/atmel/studio/7.0/toolchain/avr8/avr8-gnu-toolchain/bin/../lib/gcc/avr/5.4.0/avr6\libgcc.a(_exit.o)
 .text.libgcc.fixed
                0x00000000        0x0 c:/program files (x86)/atmel/studio/7.0/toolchain/avr8/avr8-gnu-toolchain/bin/../lib/gcc/avr/5.4.0/avr6\libgcc.a(_exit.o)
 .text          0x00000000        0x0 c:/program files (x86)/atmel/studio/7.0/toolchain/avr8/avr8-gnu-toolchain/bin/../lib/gcc/avr/5.4.0/avr6\libgcc.a(_copy_data.o)
 .data          0x00000000        0x0 c:/program files (x86)/atmel/studio/7.0/toolchain/avr8/avr8-gnu-toolchain/bin/../lib/gcc/avr/5.4.0/avr6\libgcc.a(_copy_data.o)
 .bss           0x00000000        0x0 c:/program files (x86)/atmel/studio/7.0/toolchain/avr8/avr8-gnu-toolchain/bin/../lib/gcc/avr/5.4.0/avr6\libgcc.a(_copy_data.o)
 .text.libgcc.mul
                0x00000000        0x0 c:/program files (x86)/atmel/studio/7.0/toolchain/avr8/avr8-gnu-toolchain/bin/../lib/gcc/avr/5.4.0/avr6\libgcc.a(_copy_data.o)
 .text.libgcc.div
                0x00000000        0x0 c:/program files (x86)/atmel/studio/7.0/toolchain/avr8/avr8-gnu-toolchain/bin/../lib/gcc/avr/5.4.0/avr6\libgcc.a(_copy_data.o)
 .text.libgcc   0x00000000        0x0 c:/program files (x86)/atmel/studio/7.0/toolchain/avr8/avr8-gnu-toolchain/bin/../lib/gcc/avr/5.4.0/avr6\libgcc.a(_copy_data.o)
 .text.libgcc.prologue
                0x00000000        0x0 c:/program files (x86)/atmel/studio/7.0/toolchain/avr8/avr8-gnu-toolchain/bin/../lib/gcc/avr/5.4.0/avr6\libgcc.a(_copy_data.o)
 .text.libgcc.builtins
                0x00000000        0x0 c:/program files (x86)/atmel/studio/7.0/toolchain/avr8/avr8-gnu-toolchain/bin/../lib/gcc/avr/5.4.0/avr6\libgcc.a(_copy_data.o)
 .text.libgcc.fmul
                0x00000000        0x0 c:/program files (x86)/atmel/studio/7.0/toolchain/avr8/avr8-gnu-toolchain/bin/../lib/gcc/avr/5.4.0/avr6\libgcc.a(_copy_data.o)
 .text.libgcc.fixed
                0x00000000        0x0 c:/program files (x86)/atmel/studio/7.0/toolchain/avr8/avr8-gnu-toolchain/bin/../lib/gcc/avr/5.4.0/avr6\libgcc.a(_copy_data.o)
 .text          0x00000000        0x0 c:/program files (x86)/atmel/studio/7.0/toolchain/avr8/avr8-gnu-toolchain/bin/../lib/gcc/avr/5.4.0/avr6\libgcc.a(_clear_bss.o)
 .data          0x00000000        0x0 c:/program files (x86)/atmel/studio/7.0/toolchain/avr8/avr8-gnu-toolchain/bin/../lib/gcc/avr/5.4.0/avr6\libgcc.a(_clear_bss.o)
 .bss           0x00000000        0x0 c:/program files (x86)/atmel/studio/7.0/toolchain/avr8/avr8-gnu-toolchain/bin/../lib/gcc/avr/5.4.0/avr6\libgcc.a(_clear_bss.o)
 .text.libgcc.mul
                0x00000000        0x0 c:/program files (x86)/atmel/studio/7.0/toolchain/avr8/avr8-gnu-toolchain/bin/../lib/gcc/avr/5.4.0/avr6\libgcc.a(_clear_bss.o)
 .text.libgcc.div
                0x00000000        0x0 c:/program files (x86)/atmel/studio/7.0/toolchain/avr8/avr8-gnu-toolchain/bin/../lib/gcc/avr/5.4.0/avr6\libgcc.a(_clear_bss.o)
 .text.libgcc   0x00000000        0x0 c:/program files (x86)/atmel/studio/7.0/toolchain/avr8/avr8-gnu-toolchain/bin/../lib/gcc/avr/5.4.0/avr6\libgcc.a(_clear_bss.o)
 .text.libgcc.prologue
                0x00000000        0x0 c:/program files (x86)/atmel/studio/7.0/toolchain/avr8/avr8-gnu-toolchain/bin/../lib/gcc/avr/5.4.0/avr6\libgcc.a(_clear_bss.o)
 .text.libgcc.builtins
                0x00000000        0x0 c:/program files (x86)/atmel/studio/7.0/toolchain/avr8/avr8-gnu-toolchain/bin/../lib/gcc/avr/5.4.0/avr6\libgcc.a(_clear_bss.o)
 .text.libgcc.fmul
                0x00000000        0x0 c:/program files (x86)/atmel/studio/7.0/toolchain/avr8/avr8-gnu-toolchain/bin/../lib/gcc/avr/5.4.0/avr6\libgcc.a(_clear_bss.o)
 .text.libgcc.fixed
                0x00000000        0x0 c:/program files (x86)/atmel/studio/7.0/toolchain/avr8/avr8-gnu-toolchain/bin/../lib/gcc/avr/5.4.0/avr6\libgcc.a(_clear_bss.o)
 .text          0x00000000        0x0 c:/program files (x86)/atmel/studio/7.0/toolchain/avr8/avr8-gnu-toolchain/bin/../lib/gcc/avr/5.4.0/../../../../avr/lib/avr6\libc.a(iob.o)
 .data          0x00000000        0x0 c:/program files (x86)/atmel/studio/7.0/toolchain/avr8/avr8-gnu-toolchain/bin/../lib/gcc/avr/5.4.0/../../../../avr/lib/avr6\libc.a(iob.o)
 .bss           0x00000000        0x0 c:/program files (x86)/atmel/studio/7.0/toolchain/avr8/avr8-gnu-toolchain/bin/../lib/gcc/avr/5.4.0/../../../../avr/lib/avr6\libc.a(iob.o)

Memory Configuration

Name             Origin             Length             Attributes
text             0x00000000         0x00100000         xr
data             0x00800200         0x0000fe00         rw !x
eeprom           0x00810000         0x00010000         rw !x
fuse             0x00820000         0x00000003         rw !x
lock             0x00830000         0x00000400         rw !x
signature        0x00840000         0x00000400         rw !x
user_signatures  0x00850000         0x00000400         rw !x
*default*        0x00000000         0xffffffff

Linker script and memory map

Address of section .data set to 0x800200
LOAD C:/Program Files (x86)/Atmel/Studio/7.0/Packs/atmel/ATmega_DFP/1.2.150/gcc/dev/atmega2560/avr6/crtatmega2560.o
LOAD src/delay/delay.o
LOAD src/lcd/lcd.o
LOAD src/recievedData.o
LOAD src/uart.o
LOAD src/usart1.o
LOAD src/ASF/mega/boards/stk600/rcx_x/init.o
LOAD src/main.o
START GROUP
LOAD c:/program files (x86)/atmel/studio/7.0/toolchain/avr8/avr8-gnu-toolchain/bin/../lib/gcc/avr/5.4.0/../../../../avr/lib/avr6\libm.a
END GROUP
START GROUP
LOAD c:/program files (x86)/atmel/studio/7.0/toolchain/avr8/avr8-gnu-toolchain/bin/../lib/gcc/avr/5.4.0/avr6\libgcc.a
LOAD c:/program files (x86)/atmel/studio/7.0/toolchain/avr8/avr8-gnu-toolchain/bin/../lib/gcc/avr/5.4.0/../../../../avr/lib/avr6\libm.a
LOAD c:/program files (x86)/atmel/studio/7.0/toolchain/avr8/avr8-gnu-toolchain/bin/../lib/gcc/avr/5.4.0/../../../../avr/lib/avr6\libc.a
LOAD C:/Program Files (x86)/Atmel/Studio/7.0/Packs/atmel/ATmega_DFP/1.2.150/gcc/dev/atmega2560/avr6\libatmega2560.a
END GROUP
                0x00100000                __TEXT_REGION_LENGTH__ = DEFINED (__TEXT_REGION_LENGTH__)?__TEXT_REGION_LENGTH__:0x100000
                0x0000fe00                __DATA_REGION_LENGTH__ = DEFINED (__DATA_REGION_LENGTH__)?__DATA_REGION_LENGTH__:0xfe00
                0x00010000                __EEPROM_REGION_LENGTH__ = DEFINED (__EEPROM_REGION_LENGTH__)?__EEPROM_REGION_LENGTH__:0x10000
                [0x00000003]                __FUSE_REGION_LENGTH__ = DEFINED (__FUSE_REGION_LENGTH__)?__FUSE_REGION_LENGTH__:0x400
                0x00000400                __LOCK_REGION_LENGTH__ = DEFINED (__LOCK_REGION_LENGTH__)?__LOCK_REGION_LENGTH__:0x400
                0x00000400                __SIGNATURE_REGION_LENGTH__ = DEFINED (__SIGNATURE_REGION_LENGTH__)?__SIGNATURE_REGION_LENGTH__:0x400
                0x00000400                __USER_SIGNATURE_REGION_LENGTH__ = DEFINED (__USER_SIGNATURE_REGION_LENGTH__)?__USER_SIGNATURE_REGION_LENGTH__:0x400

.hash
 *(.hash)

.dynsym
 *(.dynsym)

.dynstr
 *(.dynstr)

.gnu.version
 *(.gnu.version)

.gnu.version_d
 *(.gnu.version_d)

.gnu.version_r
 *(.gnu.version_r)

.rel.init
 *(.rel.init)

.rela.init
 *(.rela.init)

.rel.text
 *(.rel.text)
 *(.rel.text.*)
 *(.rel.gnu.linkonce.t*)

.rela.text
 *(.rela.text)
 *(.rela.text.*)
 *(.rela.gnu.linkonce.t*)

.rel.fini
 *(.rel.fini)

.rela.fini
 *(.rela.fini)

.rel.rodata
 *(.rel.rodata)
 *(.rel.rodata.*)
 *(.rel.gnu.linkonce.r*)

.rela.rodata
 *(.rela.rodata)
 *(.rela.rodata.*)
 *(.rela.gnu.linkonce.r*)

.rel.data
 *(.rel.data)
 *(.rel.data.*)
 *(.rel.gnu.linkonce.d*)

.rela.data
 *(.rela.data)
 *(.rela.data.*)
 *(.rela.gnu.linkonce.d*)

.rel.ctors
 *(.rel.ctors)

.rela.ctors
 *(.rela.ctors)

.rel.dtors
 *(.rel.dtors)

.rela.dtors
 *(.rela.dtors)

.rel.got
 *(.rel.got)

.rela.got
 *(.rela.got)

.rel.bss
 *(.rel.bss)

.rela.bss
 *(.rela.bss)

.rel.plt
 *(.rel.plt)

.rela.plt
 *(.rela.plt)

.text           0x00000000      0x7da
 *(.vectors)
 .vectors       0x00000000       0xe4 C:/Program Files (x86)/Atmel/Studio/7.0/Packs/atmel/ATmega_DFP/1.2.150/gcc/dev/atmega2560/avr6/crtatmega2560.o
                0x00000000                __vector_default
                0x00000000                __vectors
 *(.vectors)
 *(.progmem.gcc*)
                0x000000e4                . = ALIGN (0x2)
                0x000000e4                __trampolines_start = .
 *(.trampolines)
 .trampolines   0x000000e4        0x0 linker stubs
 *(.trampolines*)
                0x000000e4                __trampolines_end = .
 *libprintf_flt.a:*(.progmem.data)
 *libc.a:*(.progmem.data)
 *(.progmem*)
                0x000000e4                . = ALIGN (0x2)
 *(.jumptables)
 *(.jumptables*)
 *(.lowtext)
 *(.lowtext*)
                0x000000e4                __ctors_start = .
 *(.ctors)
                0x000000e4                __ctors_end = .
                0x000000e4                __dtors_start = .
 *(.dtors)
                0x000000e4                __dtors_end = .
 SORT(*)(.ctors)
 SORT(*)(.dtors)
 *(.init0)
 .init0         0x000000e4        0x0 C:/Program Files (x86)/Atmel/Studio/7.0/Packs/atmel/ATmega_DFP/1.2.150/gcc/dev/atmega2560/avr6/crtatmega2560.o
                0x000000e4                __init
 *(.init0)
 *(.init1)
 *(.init1)
 *(.init2)
 .init2         0x000000e4       0x10 C:/Program Files (x86)/Atmel/Studio/7.0/Packs/atmel/ATmega_DFP/1.2.150/gcc/dev/atmega2560/avr6/crtatmega2560.o
 *(.init2)
 *(.init3)
 *(.init3)
 *(.init4)
 .init4         0x000000f4       0x1a c:/program files (x86)/atmel/studio/7.0/toolchain/avr8/avr8-gnu-toolchain/bin/../lib/gcc/avr/5.4.0/avr6\libgcc.a(_copy_data.o)
                0x000000f4                __do_copy_data
 .init4         0x0000010e       0x10 c:/program files (x86)/atmel/studio/7.0/toolchain/avr8/avr8-gnu-toolchain/bin/../lib/gcc/avr/5.4.0/avr6\libgcc.a(_clear_bss.o)
                0x0000010e                __do_clear_bss
 *(.init4)
 *(.init5)
 *(.init5)
 *(.init6)
 *(.init6)
 *(.init7)
 *(.init7)
 *(.init8)
 *(.init8)
 *(.init9)
 .init9         0x0000011e        0x4 C:/Program Files (x86)/Atmel/Studio/7.0/Packs/atmel/ATmega_DFP/1.2.150/gcc/dev/atmega2560/avr6/crtatmega2560.o
 *(.init9)
 *(.text)
 .text          0x00000122        0x2 C:/Program Files (x86)/Atmel/Studio/7.0/Packs/atmel/ATmega_DFP/1.2.150/gcc/dev/atmega2560/avr6/crtatmega2560.o
                0x00000122                __vector_38
                0x00000122                __vector_22
                0x00000122                __vector_28
                0x00000122                __vector_1
                0x00000122                __vector_32
                0x00000122                __vector_34
                0x00000122                __vector_24
                0x00000122                __vector_12
                0x00000122                __vector_55
                0x00000122                __vector_46
                0x00000122                __bad_interrupt
                0x00000122                __vector_6
                0x00000122                __vector_31
                0x00000122                __vector_35
                0x00000122                __vector_39
                0x00000122                __vector_3
                0x00000122                __vector_23
                0x00000122                __vector_30
                0x00000122                __vector_45
                0x00000122                __vector_25
                0x00000122                __vector_11
                0x00000122                __vector_54
                0x00000122                __vector_13
                0x00000122                __vector_17
                0x00000122                __vector_19
                0x00000122                __vector_56
                0x00000122                __vector_7
                0x00000122                __vector_49
                0x00000122                __vector_41
                0x00000122                __vector_43
                0x00000122                __vector_5
                0x00000122                __vector_33
                0x00000122                __vector_47
                0x00000122                __vector_52
                0x00000122                __vector_37
                0x00000122                __vector_4
                0x00000122                __vector_44
                0x00000122                __vector_51
                0x00000122                __vector_9
                0x00000122                __vector_2
                0x00000122                __vector_21
                0x00000122                __vector_15
                0x00000122                __vector_29
                0x00000122                __vector_40
                0x00000122                __vector_8
                0x00000122                __vector_26
                0x00000122                __vector_48
                0x00000122                __vector_14
                0x00000122                __vector_53
                0x00000122                __vector_10
                0x00000122                __vector_50
                0x00000122                __vector_16
                0x00000122                __vector_18
                0x00000122                __vector_20
                0x00000122                __vector_42
                0x00000124                . = ALIGN (0x2)
 *(.text.*)
 .text.delay_1_micros
                0x00000124        0x8 src/delay/delay.o
                0x00000124                delay_1_micros
 .text.delay_micros
                0x0000012c       0x1a src/delay/delay.o
                0x0000012c                delay_micros
 .text.delay_ms
                0x00000146       0x28 src/delay/delay.o
                0x00000146                delay_ms
 .text.write_byte
                0x0000016e       0x44 src/lcd/lcd.o
 .text.lcd_write
                0x000001b2       0x42 src/lcd/lcd.o
                0x000001b2                lcd_write
 .text.lcd_init
                0x000001f4       0x48 src/lcd/lcd.o
                0x000001f4                lcd_init
 .text.lcd_set_cursor_pos
                0x0000023c       0x1e src/lcd/lcd.o
                0x0000023c                lcd_set_cursor_pos
 .text.lcd_clear
                0x0000025a       0x2a src/lcd/lcd.o
                0x0000025a                lcd_clear
 .text.toBinary
                0x00000284       0x54 src/recievedData.o
                0x00000284                toBinary
 .text.correctData
                0x000002d8       0x4a src/recievedData.o
                0x000002d8                correctData
 .text.recievedData
                0x00000322      0x268 src/recievedData.o
                0x00000322                recievedData
 .text.__vector_27
                0x0000058a       0x4a src/uart.o
                0x0000058a                __vector_27
 .text.uart_init
                0x000005d4       0x20 src/uart.o
                0x000005d4                uart_init
 .text.uart_write_str
                0x000005f4       0x46 src/uart.o
                0x000005f4                uart_write_str
 .text.usart1_init
                0x0000063a       0x2e src/usart1.o
                0x0000063a                usart1_init
 .text.usart1_transmit
                0x00000668       0x10 src/usart1.o
                0x00000668                usart1_transmit
 .text.usart1_putchar
                0x00000678       0x1c src/usart1.o
 .text.usart1_getChar
                0x00000694       0x10 src/usart1.o
                0x00000694                usart1_getChar
 .text.__vector_36
                0x000006a4      0x11e src/usart1.o
                0x000006a4                __vector_36
 .text.board_init
                0x000007c2        0x2 src/ASF/mega/boards/stk600/rcx_x/init.o
                0x000007c2                board_init
 .text.main     0x000007c4       0x12 src/main.o
                0x000007c4                main
                0x000007d6                . = ALIGN (0x2)
 *(.fini9)
 .fini9         0x000007d6        0x0 c:/program files (x86)/atmel/studio/7.0/toolchain/avr8/avr8-gnu-toolchain/bin/../lib/gcc/avr/5.4.0/avr6\libgcc.a(_exit.o)
                0x000007d6                _exit
                0x000007d6                exit
 *(.fini9)
 *(.fini8)
 *(.fini8)
 *(.fini7)
 *(.fini7)
 *(.fini6)
 *(.fini6)
 *(.fini5)
 *(.fini5)
 *(.fini4)
 *(.fini4)
 *(.fini3)
 *(.fini3)
 *(.fini2)
 *(.fini2)
 *(.fini1)
 *(.fini1)
 *(.fini0)
 .fini0         0x000007d6        0x4 c:/program files (x86)/atmel/studio/7.0/toolchain/avr8/avr8-gnu-toolchain/bin/../lib/gcc/avr/5.4.0/avr6\libgcc.a(_exit.o)
 *(.fini0)
                0x000007da                _etext = .

.data           0x00800200      0x13a load address 0x000007da
                0x00800200                PROVIDE (__data_start, .)
 *(.data)
 *(.data*)
 .data.mystdout
                0x00800200        0xe src/usart1.o
                0x00800200                mystdout
 *(.gnu.linkonce.d*)
 *(.rodata)
 *(.rodata*)
 .rodata.lcd_char_table
                0x0080020e      0x127 src/lcd/lcd.o
 .rodata.str1.1
                0x00800335        0x4 src/recievedData.o
 *(.gnu.linkonce.r*)
                0x0080033a                . = ALIGN (0x2)
 *fill*         0x00800339        0x1 
                0x0080033a                _edata = .
                0x0080033a                PROVIDE (__data_end, .)

.bss            0x0080033a      0x116
                0x0080033a                PROVIDE (__bss_start, .)
 *(.bss)
 *(.bss*)
 .bss.me        0x0080033a      0x102 src/uart.o
 .bss.lastchar  0x0080043c        0x1 src/usart1.o
                0x0080043c                lastchar
 *(COMMON)
 COMMON         0x0080043d        0xd src/recievedData.o
                0x0080043d                wrongBit
                0x0080043f                finalBits
                0x00800443                correctBinary
                0x00800444                checkBit
 COMMON         0x0080044a        0x6 c:/program files (x86)/atmel/studio/7.0/toolchain/avr8/avr8-gnu-toolchain/bin/../lib/gcc/avr/5.4.0/../../../../avr/lib/avr6\libc.a(iob.o)
                0x0080044a                __iob
                0x00800450                PROVIDE (__bss_end, .)
                0x000007da                __data_load_start = LOADADDR (.data)
                0x00000914                __data_load_end = (__data_load_start + SIZEOF (.data))

.noinit         0x00800450        0x0
                [!provide]                PROVIDE (__noinit_start, .)
 *(.noinit*)
                [!provide]                PROVIDE (__noinit_end, .)
                0x00800450                _end = .
                [!provide]                PROVIDE (__heap_start, .)

.eeprom         0x00810000        0x0
 *(.eeprom*)
                0x00810000                __eeprom_end = .

.fuse
 *(.fuse)
 *(.lfuse)
 *(.hfuse)
 *(.efuse)

.lock
 *(.lock*)

.signature
 *(.signature*)

.user_signatures
 *(.user_signatures*)

.stab
 *(.stab)

.stabstr
 *(.stabstr)

.stab.excl
 *(.stab.excl)

.stab.exclstr
 *(.stab.exclstr)

.stab.index
 *(.stab.index)

.stab.indexstr
 *(.stab.indexstr)

.comment        0x00000000       0x30
 *(.comment)
 .comment       0x00000000       0x30 src/delay/delay.o
                                 0x31 (size before relaxing)
 .comment       0x00000030       0x31 src/lcd/lcd.o
 .comment       0x00000030       0x31 src/recievedData.o
 .comment       0x00000030       0x31 src/uart.o
 .comment       0x00000030       0x31 src/usart1.o
 .comment       0x00000030       0x31 src/ASF/mega/boards/stk600/rcx_x/init.o
 .comment       0x00000030       0x31 src/main.o
 .comment       0x00000030       0x31 c:/program files (x86)/atmel/studio/7.0/toolchain/avr8/avr8-gnu-toolchain/bin/../lib/gcc/avr/5.4.0/../../../../avr/lib/avr6\libc.a(iob.o)

.note.gnu.avr.deviceinfo
                0x00000000       0x40
 .note.gnu.avr.deviceinfo
                0x00000000       0x40 C:/Program Files (x86)/Atmel/Studio/7.0/Packs/atmel/ATmega_DFP/1.2.150/gcc/dev/atmega2560/avr6/crtatmega2560.o

.note.gnu.build-id
 *(.note.gnu.build-id)

.debug
 *(.debug)

.line
 *(.line)

.debug_srcinfo
 *(.debug_srcinfo)

.debug_sfnames
 *(.debug_sfnames)

.debug_aranges  0x00000000      0x160
 *(.debug_aranges)
 .debug_aranges
                0x00000000       0x38 src/delay/delay.o
 .debug_aranges
                0x00000038       0x48 src/lcd/lcd.o
 .debug_aranges
                0x00000080       0x30 src/recievedData.o
 .debug_aranges
                0x000000b0       0x30 src/uart.o
 .debug_aranges
                0x000000e0       0x40 src/usart1.o
 .debug_aranges
                0x00000120       0x20 src/ASF/mega/boards/stk600/rcx_x/init.o
 .debug_aranges
                0x00000140       0x20 src/main.o

.debug_pubnames
 *(.debug_pubnames)

.debug_info     0x00000000     0x1b80
 *(.debug_info .gnu.linkonce.wi.*)
 .debug_info    0x00000000      0xbbc C:/Program Files (x86)/Atmel/Studio/7.0/Packs/atmel/ATmega_DFP/1.2.150/gcc/dev/atmega2560/avr6/crtatmega2560.o
 .debug_info    0x00000bbc      0x1e3 src/delay/delay.o
 .debug_info    0x00000d9f      0x3e8 src/lcd/lcd.o
 .debug_info    0x00001187      0x322 src/recievedData.o
 .debug_info    0x000014a9      0x180 src/uart.o
 .debug_info    0x00001629      0x3ac src/usart1.o
 .debug_info    0x000019d5       0x7c src/ASF/mega/boards/stk600/rcx_x/init.o
 .debug_info    0x00001a51      0x12f src/main.o

.debug_abbrev   0x00000000     0x12aa
 *(.debug_abbrev)
 .debug_abbrev  0x00000000      0xb1a C:/Program Files (x86)/Atmel/Studio/7.0/Packs/atmel/ATmega_DFP/1.2.150/gcc/dev/atmega2560/avr6/crtatmega2560.o
 .debug_abbrev  0x00000b1a       0xdc src/delay/delay.o
 .debug_abbrev  0x00000bf6      0x159 src/lcd/lcd.o
 .debug_abbrev  0x00000d4f      0x115 src/recievedData.o
 .debug_abbrev  0x00000e64      0x122 src/uart.o
 .debug_abbrev  0x00000f86      0x236 src/usart1.o
 .debug_abbrev  0x000011bc       0x47 src/ASF/mega/boards/stk600/rcx_x/init.o
 .debug_abbrev  0x00001203       0xa7 src/main.o

.debug_line     0x00000000     0x1b6c
 *(.debug_line .debug_line.* .debug_line_end)
 .debug_line    0x00000000      0x1f9 C:/Program Files (x86)/Atmel/Studio/7.0/Packs/atmel/ATmega_DFP/1.2.150/gcc/dev/atmega2560/avr6/crtatmega2560.o
 .debug_line    0x000001f9      0x20b src/delay/delay.o
 .debug_line    0x00000404      0x4cc src/lcd/lcd.o
 .debug_line    0x000008d0      0x3a4 src/recievedData.o
 .debug_line    0x00000c74      0x2da src/uart.o
 .debug_line    0x00000f4e      0x4b9 src/usart1.o
 .debug_line    0x00001407      0x36e src/ASF/mega/boards/stk600/rcx_x/init.o
 .debug_line    0x00001775      0x3f7 src/main.o

.debug_frame    0x00000000      0x318
 *(.debug_frame)
 .debug_frame   0x00000000       0x80 src/delay/delay.o
 .debug_frame   0x00000080       0xc0 src/lcd/lcd.o
 .debug_frame   0x00000140       0x64 src/recievedData.o
 .debug_frame   0x000001a4       0x60 src/uart.o
 .debug_frame   0x00000204       0xcc src/usart1.o
 .debug_frame   0x000002d0       0x24 src/ASF/mega/boards/stk600/rcx_x/init.o
 .debug_frame   0x000002f4       0x24 src/main.o

.debug_str      0x00000000    0x13892
 *(.debug_str)
 .debug_str     0x00000000      0x3e6 C:/Program Files (x86)/Atmel/Studio/7.0/Packs/atmel/ATmega_DFP/1.2.150/gcc/dev/atmega2560/avr6/crtatmega2560.o
 .debug_str     0x000003e6     0x3926 src/delay/delay.o
                               0x3993 (size before relaxing)
 .debug_str     0x00003d0c     0x53b6 src/lcd/lcd.o
                               0x8d86 (size before relaxing)
 .debug_str     0x000090c2      0x8b8 src/recievedData.o
                               0x429a (size before relaxing)
 .debug_str     0x0000997a      0x406 src/uart.o
                               0x8bcd (size before relaxing)
 .debug_str     0x00009d80      0x103 src/usart1.o
                               0x9742 (size before relaxing)
 .debug_str     0x00009e83     0x99dc src/ASF/mega/boards/stk600/rcx_x/init.o
                              0x12985 (size before relaxing)
 .debug_str     0x0001385f       0x33 src/main.o
                              0x12eb3 (size before relaxing)

.debug_loc      0x00000000      0xbda
 *(.debug_loc)
 .debug_loc     0x00000000      0x18d src/delay/delay.o
 .debug_loc     0x0000018d      0x3a1 src/lcd/lcd.o
 .debug_loc     0x0000052e      0x390 src/recievedData.o
 .debug_loc     0x000008be       0xbf src/uart.o
 .debug_loc     0x0000097d      0x25d src/usart1.o

.debug_macinfo
 *(.debug_macinfo)

.debug_weaknames
 *(.debug_weaknames)

.debug_funcnames
 *(.debug_funcnames)

.debug_typenames
 *(.debug_typenames)

.debug_varnames
 *(.debug_varnames)

.debug_pubtypes
 *(.debug_pubtypes)

.debug_ranges   0x00000000       0xf0
 *(.debug_ranges)
 .debug_ranges  0x00000000       0x28 src/delay/delay.o
 .debug_ranges  0x00000028       0x38 src/lcd/lcd.o
 .debug_ranges  0x00000060       0x20 src/recievedData.o
 .debug_ranges  0x00000080       0x20 src/uart.o
 .debug_ranges  0x000000a0       0x30 src/usart1.o
 .debug_ranges  0x000000d0       0x10 src/ASF/mega/boards/stk600/rcx_x/init.o
 .debug_ranges  0x000000e0       0x10 src/main.o

.debug_macro    0x00000000     0x512d
 *(.debug_macro)
 .debug_macro   0x00000000       0x43 src/delay/delay.o
 .debug_macro   0x00000043      0xa78 src/delay/delay.o
 .debug_macro   0x00000abb      0x1c9 src/delay/delay.o
 .debug_macro   0x00000c84      0x2fc src/delay/delay.o
 .debug_macro   0x00000f80       0xd7 src/lcd/lcd.o
 .debug_macro   0x00001057       0x10 src/lcd/lcd.o
 .debug_macro   0x00001067       0x9e src/lcd/lcd.o
 .debug_macro   0x00001105     0x1ecb src/lcd/lcd.o
 .debug_macro   0x00002fd0      0x100 src/lcd/lcd.o
 .debug_macro   0x000030d0      0x2ea src/lcd/lcd.o
 .debug_macro   0x000033ba       0xd9 src/lcd/lcd.o
 .debug_macro   0x00003493       0x34 src/lcd/lcd.o
 .debug_macro   0x000034c7       0x18 src/lcd/lcd.o
 .debug_macro   0x000034df       0x6c src/lcd/lcd.o
 .debug_macro   0x0000354b       0x22 src/lcd/lcd.o
 .debug_macro   0x0000356d       0x10 src/lcd/lcd.o
 .debug_macro   0x0000357d       0x10 src/lcd/lcd.o
 .debug_macro   0x0000358d      0x166 src/lcd/lcd.o
 .debug_macro   0x000036f3       0x28 src/lcd/lcd.o
 .debug_macro   0x0000371b       0x7e src/recievedData.o
 .debug_macro   0x00003799       0x58 src/recievedData.o
 .debug_macro   0x000037f1       0x10 src/recievedData.o
 .debug_macro   0x00003801       0x97 src/recievedData.o
 .debug_macro   0x00003898       0xf2 src/recievedData.o
 .debug_macro   0x0000398a       0x1c src/recievedData.o
 .debug_macro   0x000039a6       0x97 src/recievedData.o
 .debug_macro   0x00003a3d       0x66 src/recievedData.o
 .debug_macro   0x00003aa3       0xbb src/uart.o
 .debug_macro   0x00003b5e      0x302 src/uart.o
 .debug_macro   0x00003e60       0x63 src/uart.o
 .debug_macro   0x00003ec3      0x121 src/usart1.o
 .debug_macro   0x00003fe4       0x69 src/usart1.o
 .debug_macro   0x0000404d      0x143 src/ASF/mega/boards/stk600/rcx_x/init.o
 .debug_macro   0x00004190       0x22 src/ASF/mega/boards/stk600/rcx_x/init.o
 .debug_macro   0x000041b2      0x16d src/ASF/mega/boards/stk600/rcx_x/init.o
 .debug_macro   0x0000431f       0x35 src/ASF/mega/boards/stk600/rcx_x/init.o
 .debug_macro   0x00004354      0x64b src/ASF/mega/boards/stk600/rcx_x/init.o
 .debug_macro   0x0000499f       0x44 src/ASF/mega/boards/stk600/rcx_x/init.o
 .debug_macro   0x000049e3       0x2c src/ASF/mega/boards/stk600/rcx_x/init.o
 .debug_macro   0x00004a0f       0x10 src/ASF/mega/boards/stk600/rcx_x/init.o
 .debug_macro   0x00004a1f      0x175 src/ASF/mega/boards/stk600/rcx_x/init.o
 .debug_macro   0x00004b94       0x40 src/ASF/mega/boards/stk600/rcx_x/init.o
 .debug_macro   0x00004bd4      0x100 src/ASF/mega/boards/stk600/rcx_x/init.o
 .debug_macro   0x00004cd4      0x2c0 src/ASF/mega/boards/stk600/rcx_x/init.o
 .debug_macro   0x00004f94      0x199 src/main.o
OUTPUT(ExaminationsprojektDA264aMEGA.elf elf32-avr)
LOAD linker stubs
